[debug] [2026-09-21T09:31:04.063Z] ----------------------------------------------------------------------
[debug] [2026-09-21T09:31:04.066Z] Command:       C:\Program Files\nodejs\node.exe C:\Users\kubaa\AppData\Roaming\npm\node_modules\firebase-tools\lib\bin\firebase.js init hosting
[debug] [2026-09-21T09:31:04.067Z] CLI Version:   15.30.2
[debug] [2026-09-21T09:31:04.067Z] Platform:      win32
[debug] [2026-09-21T09:31:04.067Z] Node Version:  v24.21.0
[debug] [2026-09-21T09:31:04.067Z] Detected Agent: unknown
[debug] [2026-09-21T09:31:04.067Z] Time:          Mon Sep 21 2026 11:31:04 GMT+0200 (czas środkowoeuropejski letni)
[debug] [2026-09-21T09:31:04.067Z] ----------------------------------------------------------------------
[debug] 
[info] 
     ######## #### ########  ######## ########     ###     ######  ########
     ##        ##  ##     ## ##       ##     ##  ##   ##  ##       ##
     ######    ##  ########  ######   ########  #########  ######  ######
     ##        ##  ##    ##  ##       ##     ## ##     ##       ## ##
     ##       #### ##     ## ######## ########  ##     ##  ######  ########

You're about to initialize a Firebase project in this directory:

  C:\Users\kubaa\Desktop\W1AKTYWNY-PORTFOLIO

[info] 
=== Project Setup
[info] 
[info] First, let's associate this project directory with a Firebase project.
[info] You can create multiple project aliases by running firebase use --add, 
[info] 
[debug] [2026-09-21T09:31:59.749Z] > command requires scopes: ["email","openid","https://www.googleapis.com/auth/cloudplatformprojects.readonly","https://www.googleapis.com/auth/firebase","https://www.googleapis.com/auth/cloud-platform"]
[debug] [2026-09-21T09:31:59.749Z] > authorizing via signed-in user (kubablazejczyk2006@gmail.com)
[debug] [2026-09-21T09:31:59.759Z] Checked if tokens are valid: true, expires at: 1789986563325
[debug] [2026-09-21T09:31:59.759Z] Checked if tokens are valid: true, expires at: 1789986563325
[debug] [2026-09-21T09:31:59.760Z] >>> [apiv2][query] GET https://firebase.googleapis.com/v1beta1/projects pageSize=100
[debug] [2026-09-21T09:32:00.400Z] <<< [apiv2][status] GET https://firebase.googleapis.com/v1beta1/projects 200
[debug] [2026-09-21T09:32:00.400Z] <<< [apiv2][body] GET https://firebase.googleapis.com/v1beta1/projects [omitted]
[info] 
=== Hosting Setup
[debug] [2026-09-21T09:32:08.066Z] Checked if tokens are valid: true, expires at: 1789986563325
[debug] [2026-09-21T09:32:08.066Z] Checked if tokens are valid: true, expires at: 1789986563325
[debug] [2026-09-21T09:32:08.066Z] >>> [apiv2][query] GET https://firebase.googleapis.com/v1beta1/projects/w1aktywnyfoto [none]
[debug] [2026-09-21T09:32:08.458Z] <<< [apiv2][status] GET https://firebase.googleapis.com/v1beta1/projects/w1aktywnyfoto 200
[debug] [2026-09-21T09:32:08.459Z] <<< [apiv2][body] GET https://firebase.googleapis.com/v1beta1/projects/w1aktywnyfoto {"projectId":"w1aktywnyfoto","projectNumber":"839954568904","displayName":"w1aktywnyfoto","name":"projects/w1aktywnyfoto","resources":{"hostingSite":"w1aktywnyfoto"},"state":"ACTIVE","labels":{"firebase":"enabled"},"etag":"1_db550a85-d75e-41cb-b320-3209428f7c31"}
[info] 
[info] Your public directory is the folder (relative to your project directory) that
[info] will contain Hosting assets to be uploaded with firebase deploy. If you
[info] have a build process for your assets, use your build's output directory.
[info] 
[info] 
[info] i  Didn't detect a .git folder. Assuming C:\Users\kubaa\Desktop\W1AKTYWNY-PORTFOLIO is the project root. 
[info] i  Authorizing with GitHub to upload your service account to a GitHub repository's secrets store. 
[info] 
[info] Visit this URL on this device to log in:
[info] https://github.com/login/oauth/authorize?client_id=89cf50f02ac6aaed3484&state=254913270&redirect_uri=http%3A%2F%2Flocalhost%3A9005&scope=read%3Auser%20repo%20public_repo
[info] 
[info] Waiting for authentication...
[debug] [2026-09-21T09:33:08.449Z] >>> [apiv2][query] POST https://github.com/login/oauth/access_token [none]
[debug] [2026-09-21T09:33:08.449Z] >>> [apiv2][body] POST https://github.com/login/oauth/access_token [stream]
[debug] [2026-09-21T09:33:08.886Z] <<< [apiv2][status] POST https://github.com/login/oauth/access_token 200
[debug] [2026-09-21T09:33:08.886Z] <<< [apiv2][body] POST https://github.com/login/oauth/access_token {"access_token":"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","token_type":"bearer","scope":"read:user,repo"}
[debug] [2026-09-21T09:33:08.896Z] >>> [apiv2][query] GET https://api.github.com/user [none]
[debug] [2026-09-21T09:33:09.307Z] <<< [apiv2][status] GET https://api.github.com/user 200
[debug] [2026-09-21T09:33:09.307Z] <<< [apiv2][body] GET https://api.github.com/user {"login":"Abuk09PL","id":87933905,"node_id":"MDQ6VXNlcjg3OTMzOTA1","avatar_url":"https://avatars.githubusercontent.com/u/87933905?v=4","gravatar_id":"","url":"https://api.github.com/users/Abuk09PL","html_url":"https://github.com/Abuk09PL","followers_url":"https://api.github.com/users/Abuk09PL/followers","following_url":"https://api.github.com/users/Abuk09PL/following{/other_user}","gists_url":"https://api.github.com/users/Abuk09PL/gists{/gist_id}","starred_url":"https://api.github.com/users/Abuk09PL/starred{/owner}{/repo}","subscriptions_url":"https://api.github.com/users/Abuk09PL/subscriptions","organizations_url":"https://api.github.com/users/Abuk09PL/orgs","repos_url":"https://api.github.com/users/Abuk09PL/repos","events_url":"https://api.github.com/users/Abuk09PL/events{/privacy}","received_events_url":"https://api.github.com/users/Abuk09PL/received_events","type":"User","user_view_type":"private","site_admin":false,"name":null,"company":null,"blog":"","location":null,"email":null,"hireable":null,"bio":null,"twitter_username":null,"notification_email":null,"public_repos":4,"public_gists":0,"followers":2,"following":2,"created_at":"2021-07-25T11:32:33Z","updated_at":"2026-05-13T08:38:14Z","private_gists":0,"total_private_repos":14,"owned_private_repos":14,"disk_usage":305311,"collaborators":2,"two_factor_authentication":false,"plan":{"name":"free","space":976562499,"collaborators":0,"private_repos":10000}}
[info] 
[info] +  Success! Logged into GitHub as Abuk09PL 
[info] 
[debug] [2026-09-21T09:37:45.143Z] >>> [apiv2][query] GET https://api.github.com/repos/W1AKTYWNY-PORTFOLIO/actions/secrets/public-key type=owner
[debug] [2026-09-21T09:37:45.593Z] <<< [apiv2][status] GET https://api.github.com/repos/W1AKTYWNY-PORTFOLIO/actions/secrets/public-key 404
[debug] [2026-09-21T09:37:45.593Z] <<< [apiv2][body] GET https://api.github.com/repos/W1AKTYWNY-PORTFOLIO/actions/secrets/public-key {"message":"Not Found","documentation_url":"https://docs.github.com/rest","status":"404"}
[info] 
[info] 
[error] !  The provided authorization cannot be used with this repository. If this repository is in an organization, did you remember to grant access? 
[info] 
[info] i  Action required: Visit this URL to ensure access has been granted to the appropriate organization(s) for the Firebase CLI GitHub OAuth App: 
[info] https://github.com/settings/connections/applications/89cf50f02ac6aaed3484
[info] 
[debug] [2026-09-21T09:38:14.374Z] >>> [apiv2][query] GET https://api.github.com/repos/W1AKTYWNY-PORTFOLIOC:\Users\kubaa\Desktop\W1AKTYWNY-PORTFOLIO>/actions/secrets/public-key type=owner
[debug] [2026-09-21T09:38:14.650Z] <<< [apiv2][status] GET https://api.github.com/repos/W1AKTYWNY-PORTFOLIOC:\Users\kubaa\Desktop\W1AKTYWNY-PORTFOLIO>/actions/secrets/public-key 404
[debug] [2026-09-21T09:38:14.650Z] <<< [apiv2][body] GET https://api.github.com/repos/W1AKTYWNY-PORTFOLIOC:\Users\kubaa\Desktop\W1AKTYWNY-PORTFOLIO>/actions/secrets/public-key {"message":"Not Found","documentation_url":"https://docs.github.com/rest","status":"404"}
[info] 
[info] 
[error] !  The provided authorization cannot be used with this repository. If this repository is in an organization, did you remember to grant access? 
[info] 
[info] i  Action required: Visit this URL to ensure access has been granted to the appropriate organization(s) for the Firebase CLI GitHub OAuth App: 
[info] https://github.com/settings/connections/applications/89cf50f02ac6aaed3484
[info] 
